// Vitest Snapshot v1, https://vitest.dev/guide/snapshot.html

exports[`EventDistribution events > should throw an error no event is provided 1`] = `[Error: Could not extract info for event test]`;
